
> client@0.1.0 dev
> vite --force --port 5175

11:47:06 [vite] (client) Forced re-optimization of dependencies
Port 5175 is in use, trying another one...
Port 5176 is in use, trying another one...
Port 5177 is in use, trying another one...

  VITE v7.3.1  ready in 130 ms

  ➜  Local:   http://lo11:48:09 [vite] (client) hmr update /src/App.tsx
11:48:09 [vite] (client) hmr update /src/App.tsx
11:48:09 [vite] vite.config.ts changed, restarting server...
11:48:09 [vite] server restarted.
npm error Lifecycle script `dev` failed with error:
npm error code 143
npm error path /home/feng/project/runinghubs/app/client
npm error workspace client@0.1.0
npm error location /home/feng/project/runinghubs/app/client
npm error command failed
npm error command sh -c vite
features/debug/DebugDrawer.tsx
11:58:11 [vite] (client) hmr update /src/App.tsx
11:58:11 [vite] (client) hmr update /src/App.tsx
11:58:11 [vite] (client) hmr update /src/styles/global.css
12:00:10 [vite] (client) hmr update /src/App.tsx
12:00:10 [vite] (client) hmr update /src/components/FileDropZone.tsx
12:01:29 [vite] (client) hmr update /src/App.tsx
npm error Lifecycle script `dev` failed with error:
npm error code 143
npm error path /home/feng/project/runinghubs/app/client
npm error workspace client@0.1.0
npm error location /home/feng/project/runinghubs/app/client
npm error command failed
npm error command sh -c vite --force --port 5175
